// Jest Snapshot v1, https://goo.gl/fbAQLP

exports[`renders CreatePost unchanged 1`] = `
<div>
  <div
    class="MuiPaper-root MuiPaper-elevation MuiPaper-rounded MuiPaper-elevation1 MuiCard-root css-1slgqai-MuiPaper-root-MuiCard-root"
  >
    <div
      class="css-1ucnu3w-MuiStack-root"
    >
      <div
        class="MuiFormControl-root MuiTextField-root css-pgbb05-MuiFormControl-root-MuiTextField-root"
      >
        <label
          class="MuiFormLabel-root MuiInputLabel-root MuiInputLabel-formControl MuiInputLabel-animated MuiInputLabel-outlined MuiFormLabel-colorPrimary MuiInputLabel-root MuiInputLabel-formControl MuiInputLabel-animated MuiInputLabel-outlined css-14s5rfu-MuiFormLabel-root-MuiInputLabel-root"
          data-shrink="false"
          for=":r0:"
          id=":r0:-label"
        >
          What's on your mind?
        </label>
        <div
          class="MuiInputBase-root MuiOutlinedInput-root MuiInputBase-colorPrimary MuiInputBase-formControl MuiInputBase-multiline css-dpjnhs-MuiInputBase-root-MuiOutlinedInput-root"
        >
          <textarea
            aria-invalid="false"
            class="MuiInputBase-input MuiOutlinedInput-input MuiInputBase-inputMultiline css-1sqnrkk-MuiInputBase-input-MuiOutlinedInput-input"
            id=":r0:"
            style="height: 0px; overflow: hidden;"
          />
          <textarea
            aria-hidden="true"
            class="MuiInputBase-input MuiOutlinedInput-input MuiInputBase-inputMultiline css-1sqnrkk-MuiInputBase-input-MuiOutlinedInput-input"
            readonly=""
            style="visibility: hidden; position: absolute; overflow: hidden; height: 0px; top: 0px; left: 0px; transform: translateZ(0); padding: 0px; width: 100%;"
            tabindex="-1"
          />
          <fieldset
            aria-hidden="true"
            class="MuiOutlinedInput-notchedOutline css-1d3z3hw-MuiOutlinedInput-notchedOutline"
          >
            <legend
              class="css-yjsfm1"
            >
              <span>
                What's on your mind?
              </span>
            </legend>
          </fieldset>
        </div>
      </div>
      <div
        class="css-181c0ax-MuiStack-root"
      >
        <button
          class="MuiButtonBase-root MuiButton-root MuiButton-contained MuiButton-containedPrimary MuiButton-sizeMedium MuiButton-containedSizeMedium MuiButton-root MuiButton-contained MuiButton-containedPrimary MuiButton-sizeMedium MuiButton-containedSizeMedium css-10p7b8c-MuiButtonBase-root-MuiButton-root"
          tabindex="0"
          type="submit"
        >
          Post
          <span
            class="MuiTouchRipple-root css-8je8zh-MuiTouchRipple-root"
          />
        </button>
      </div>
    </div>
  </div>
</div>
`;
